$g = comdat any
$h = comdat any

define void @f() align 2 {
0:
	ret void
}

define void @g() comdat align 2 {
0:
	ret void
}

define void @h() comdat align 2 {
0:
	ret void
}
