@g = global i32 0, section "foo", align 1
@h = global i32 0, section "foo", align 1
